[1/389] lm_head.weight (28896, 2560)
[2/389] transformer.h.0.attn.c_attn.bias (7680,)
[3/389] transformer.h.0.attn.c_attn.weight (2560, 7680)
[4/389] transformer.h.0.attn.c_proj.bias (2560,)
[5/389] transformer.h.0.attn.c_proj.weight (2560, 2560)
[6/389] transformer.h.0.ln_1.bias (2560,)
[7/389] transformer.h.0.ln_1.weight (2560,)
[8/389] transformer.h.0.ln_2.bias (2560,)
[9/389] transformer.h.0.ln_2.weight (2560,)
[10/389] transformer.h.0.mlp.c_fc.bias (10240,)
[11/389] transformer.h.0.mlp.c_fc.weight (2560, 10240)
[12/389] transformer.h.0.mlp.c_proj.bias (2560,)
[13/389] transformer.h.0.mlp.c_proj.weight (10240, 2560)
[14/389] transformer.h.1.attn.c_attn.bias (7680,)
[15/389] transformer.h.1.attn.c_attn.weight (2560, 7680)
[16/389] transformer.h.1.attn.c_proj.bias (2560,)
[17/389] transformer.h.1.attn.c_proj.weight (2560, 2560)
[18/389] transformer.h.1.ln_1.bias (2560,)
[19/389] transformer.h.1.ln_1.weight (2560,)
[20/389] transformer.h.1.ln_2.bias (2560,)
[21/389] transformer.h.1.ln_2.weight (2560,)
[22/389] transformer.h.1.mlp.c_fc.bias (10240,)
[23/389] transformer.h.1.mlp.c_fc.weight (2560, 10240)
[24/389] transformer.h.1.mlp.c_proj.bias (2560,)
[25/389] transformer.h.1.mlp.c_proj.weight (10240, 2560)
[26/389] transformer.h.10.attn.c_attn.bias (7680,)
[27/389] transformer.h.10.attn.c_attn.weight (2560, 7680)
[28/389] transformer.h.10.attn.c_proj.bias (2560,)
[29/389] transformer.h.10.attn.c_proj.weight (2560, 2560)
[30/389] transformer.h.10.ln_1.bias (2560,)
[31/389] transformer.h.10.ln_1.weight (2560,)
[32/389] transformer.h.10.ln_2.bias (2560,)
[33/389] transformer.h.10.ln_2.weight (2560,)
[34/389] transformer.h.10.mlp.c_fc.bias (10240,)
[35/389] transformer.h.10.mlp.c_fc.weight (2560, 10240)
[36/389] transformer.h.10.mlp.c_proj.bias (2560,)
[37/389] transformer.h.10.mlp.c_proj.weight (10240, 2560)
[38/389] transformer.h.11.attn.c_attn.bias (7680,)
[39/389] transformer.h.11.attn.c_attn.weight (2560, 7680)
[40/389] transformer.h.11.attn.c_proj.bias (2560,)
[41/389] transformer.h.11.attn.c_proj.weight (2560, 2560)
[42/389] transformer.h.11.ln_1.bias (2560,)
[43/389] transformer.h.11.ln_1.weight (2560,)
[44/389] transformer.h.11.ln_2.bias (2560,)
[45/389] transformer.h.11.ln_2.weight (2560,)
[46/389] transformer.h.11.mlp.c_fc.bias (10240,)
[47/389] transformer.h.11.mlp.c_fc.weight (2560, 10240)
[48/389] transformer.h.11.mlp.c_proj.bias (2560,)
[49/389] transformer.h.11.mlp.c_proj.weight (10240, 2560)
[50/389] transformer.h.12.attn.c_attn.bias (7680,)
[51/389] transformer.h.12.attn.c_attn.weight (2560, 7680)
[52/389] transformer.h.12.attn.c_proj.bias (2560,)
[53/389] transformer.h.12.attn.c_proj.weight (2560, 2560)
[54/389] transformer.h.12.ln_1.bias (2560,)
[55/389] transformer.h.12.ln_1.weight (2560,)
[56/389] transformer.h.12.ln_2.bias (2560,)
[57/389] transformer.h.12.ln_2.weight (2560,)
[58/389] transformer.h.12.mlp.c_fc.bias (10240,)
[59/389] transformer.h.12.mlp.c_fc.weight (2560, 10240)
[60/389] transformer.h.12.mlp.c_proj.bias (2560,)
[61/389] transformer.h.12.mlp.c_proj.weight (10240, 2560)
[62/389] transformer.h.13.attn.c_attn.bias (7680,)
[63/389] transformer.h.13.attn.c_attn.weight (2560, 7680)
[64/389] transformer.h.13.attn.c_proj.bias (2560,)
[65/389] transformer.h.13.attn.c_proj.weight (2560, 2560)
[66/389] transformer.h.13.ln_1.bias (2560,)
[67/389] transformer.h.13.ln_1.weight (2560,)
[68/389] transformer.h.13.ln_2.bias (2560,)
[69/389] transformer.h.13.ln_2.weight (2560,)
[70/389] transformer.h.13.mlp.c_fc.bias (10240,)
[71/389] transformer.h.13.mlp.c_fc.weight (2560, 10240)
[72/389] transformer.h.13.mlp.c_proj.bias (2560,)
[73/389] transformer.h.13.mlp.c_proj.weight (10240, 2560)
[74/389] transformer.h.14.attn.c_attn.bias (7680,)
[75/389] transformer.h.14.attn.c_attn.weight (2560, 7680)
[76/389] transformer.h.14.attn.c_proj.bias (2560,)
[77/389] transformer.h.14.attn.c_proj.weight (2560, 2560)
[78/389] transformer.h.14.ln_1.bias (2560,)
[79/389] transformer.h.14.ln_1.weight (2560,)
[80/389] transformer.h.14.ln_2.bias (2560,)
[81/389] transformer.h.14.ln_2.weight (2560,)
[82/389] transformer.h.14.mlp.c_fc.bias (10240,)
[83/389] transformer.h.14.mlp.c_fc.weight (2560, 10240)
[84/389] transformer.h.14.mlp.c_proj.bias (2560,)
[85/389] transformer.h.14.mlp.c_proj.weight (10240, 2560)
[86/389] transformer.h.15.attn.c_attn.bias (7680,)
[87/389] transformer.h.15.attn.c_attn.weight (2560, 7680)
[88/389] transformer.h.15.attn.c_proj.bias (2560,)
[89/389] transformer.h.15.attn.c_proj.weight (2560, 2560)
[90/389] transformer.h.15.ln_1.bias (2560,)
[91/389] transformer.h.15.ln_1.weight (2560,)
[92/389] transformer.h.15.ln_2.bias (2560,)
[93/389] transformer.h.15.ln_2.weight (2560,)
[94/389] transformer.h.15.mlp.c_fc.bias (10240,)
[95/389] transformer.h.15.mlp.c_fc.weight (2560, 10240)
[96/389] transformer.h.15.mlp.c_proj.bias (2560,)
[97/389] transformer.h.15.mlp.c_proj.weight (10240, 2560)
[98/389] transformer.h.16.attn.c_attn.bias (7680,)
[99/389] transformer.h.16.attn.c_attn.weight (2560, 7680)
[100/389] transformer.h.16.attn.c_proj.bias (2560,)
[101/389] transformer.h.16.attn.c_proj.weight (2560, 2560)
[102/389] transformer.h.16.ln_1.bias (2560,)
[103/389] transformer.h.16.ln_1.weight (2560,)
[104/389] transformer.h.16.ln_2.bias (2560,)
[105/389] transformer.h.16.ln_2.weight (2560,)
[106/389] transformer.h.16.mlp.c_fc.bias (10240,)
[107/389] transformer.h.16.mlp.c_fc.weight (2560, 10240)
[108/389] transformer.h.16.mlp.c_proj.bias (2560,)
[109/389] transformer.h.16.mlp.c_proj.weight (10240, 2560)
[110/389] transformer.h.17.attn.c_attn.bias (7680,)
[111/389] transformer.h.17.attn.c_attn.weight (2560, 7680)
[112/389] transformer.h.17.attn.c_proj.bias (2560,)
[113/389] transformer.h.17.attn.c_proj.weight (2560, 2560)
[114/389] transformer.h.17.ln_1.bias (2560,)
[115/389] transformer.h.17.ln_1.weight (2560,)
[116/389] transformer.h.17.ln_2.bias (2560,)
[117/389] transformer.h.17.ln_2.weight (2560,)
[118/389] transformer.h.17.mlp.c_fc.bias (10240,)
[119/389] transformer.h.17.mlp.c_fc.weight (2560, 10240)
[120/389] transformer.h.17.mlp.c_proj.bias (2560,)
[121/389] transformer.h.17.mlp.c_proj.weight (10240, 2560)
[122/389] transformer.h.18.attn.c_attn.bias (7680,)
[123/389] transformer.h.18.attn.c_attn.weight (2560, 7680)
[124/389] transformer.h.18.attn.c_proj.bias (2560,)
[125/389] transformer.h.18.attn.c_proj.weight (2560, 2560)
[126/389] transformer.h.18.ln_1.bias (2560,)
[127/389] transformer.h.18.ln_1.weight (2560,)
[128/389] transformer.h.18.ln_2.bias (2560,)
[129/389] transformer.h.18.ln_2.weight (2560,)
[130/389] transformer.h.18.mlp.c_fc.bias (10240,)
[131/389] transformer.h.18.mlp.c_fc.weight (2560, 10240)
[132/389] transformer.h.18.mlp.c_proj.bias (2560,)
[133/389] transformer.h.18.mlp.c_proj.weight (10240, 2560)
[134/389] transformer.h.19.attn.c_attn.bias (7680,)
[135/389] transformer.h.19.attn.c_attn.weight (2560, 7680)
[136/389] transformer.h.19.attn.c_proj.bias (2560,)
[137/389] transformer.h.19.attn.c_proj.weight (2560, 2560)
[138/389] transformer.h.19.ln_1.bias (2560,)
[139/389] transformer.h.19.ln_1.weight (2560,)
[140/389] transformer.h.19.ln_2.bias (2560,)
[141/389] transformer.h.19.ln_2.weight (2560,)
[142/389] transformer.h.19.mlp.c_fc.bias (10240,)
[143/389] transformer.h.19.mlp.c_fc.weight (2560, 10240)
[144/389] transformer.h.19.mlp.c_proj.bias (2560,)
[145/389] transformer.h.19.mlp.c_proj.weight (10240, 2560)
[146/389] transformer.h.2.attn.c_attn.bias (7680,)
[147/389] transformer.h.2.attn.c_attn.weight (2560, 7680)
[148/389] transformer.h.2.attn.c_proj.bias (2560,)
[149/389] transformer.h.2.attn.c_proj.weight (2560, 2560)
[150/389] transformer.h.2.ln_1.bias (2560,)
[151/389] transformer.h.2.ln_1.weight (2560,)
[152/389] transformer.h.2.ln_2.bias (2560,)
[153/389] transformer.h.2.ln_2.weight (2560,)
[154/389] transformer.h.2.mlp.c_fc.bias (10240,)
[155/389] transformer.h.2.mlp.c_fc.weight (2560, 10240)
[156/389] transformer.h.2.mlp.c_proj.bias (2560,)
[157/389] transformer.h.2.mlp.c_proj.weight (10240, 2560)
  wrote model-00001.safetensors (2.04 GiB) 268s
[158/389] transformer.h.20.attn.c_attn.bias (7680,)
[159/389] transformer.h.20.attn.c_attn.weight (2560, 7680)
[160/389] transformer.h.20.attn.c_proj.bias (2560,)
[161/389] transformer.h.20.attn.c_proj.weight (2560, 2560)
[162/389] transformer.h.20.ln_1.bias (2560,)
[163/389] transformer.h.20.ln_1.weight (2560,)
[164/389] transformer.h.20.ln_2.bias (2560,)
[165/389] transformer.h.20.ln_2.weight (2560,)
[166/389] transformer.h.20.mlp.c_fc.bias (10240,)
[167/389] transformer.h.20.mlp.c_fc.weight (2560, 10240)
[168/389] transformer.h.20.mlp.c_proj.bias (2560,)
[169/389] transformer.h.20.mlp.c_proj.weight (10240, 2560)
[170/389] transformer.h.21.attn.c_attn.bias (7680,)
[171/389] transformer.h.21.attn.c_attn.weight (2560, 7680)
[172/389] transformer.h.21.attn.c_proj.bias (2560,)
[173/389] transformer.h.21.attn.c_proj.weight (2560, 2560)
[174/389] transformer.h.21.ln_1.bias (2560,)
[175/389] transformer.h.21.ln_1.weight (2560,)
[176/389] transformer.h.21.ln_2.bias (2560,)
[177/389] transformer.h.21.ln_2.weight (2560,)
[178/389] transformer.h.21.mlp.c_fc.bias (10240,)
[179/389] transformer.h.21.mlp.c_fc.weight (2560, 10240)
[180/389] transformer.h.21.mlp.c_proj.bias (2560,)
[181/389] transformer.h.21.mlp.c_proj.weight (10240, 2560)
[182/389] transformer.h.22.attn.c_attn.bias (7680,)
[183/389] transformer.h.22.attn.c_attn.weight (2560, 7680)
[184/389] transformer.h.22.attn.c_proj.bias (2560,)
[185/389] transformer.h.22.attn.c_proj.weight (2560, 2560)
[186/389] transformer.h.22.ln_1.bias (2560,)
[187/389] transformer.h.22.ln_1.weight (2560,)
[188/389] transformer.h.22.ln_2.bias (2560,)
[189/389] transformer.h.22.ln_2.weight (2560,)
[190/389] transformer.h.22.mlp.c_fc.bias (10240,)
[191/389] transformer.h.22.mlp.c_fc.weight (2560, 10240)
[192/389] transformer.h.22.mlp.c_proj.bias (2560,)
[193/389] transformer.h.22.mlp.c_proj.weight (10240, 2560)
[194/389] transformer.h.23.attn.c_attn.bias (7680,)
[195/389] transformer.h.23.attn.c_attn.weight (2560, 7680)
[196/389] transformer.h.23.attn.c_proj.bias (2560,)
[197/389] transformer.h.23.attn.c_proj.weight (2560, 2560)
[198/389] transformer.h.23.ln_1.bias (2560,)
[199/389] transformer.h.23.ln_1.weight (2560,)
[200/389] transformer.h.23.ln_2.bias (2560,)
[201/389] transformer.h.23.ln_2.weight (2560,)
[202/389] transformer.h.23.mlp.c_fc.bias (10240,)
[203/389] transformer.h.23.mlp.c_fc.weight (2560, 10240)
[204/389] transformer.h.23.mlp.c_proj.bias (2560,)
[205/389] transformer.h.23.mlp.c_proj.weight (10240, 2560)
[206/389] transformer.h.24.attn.c_attn.bias (7680,)
[207/389] transformer.h.24.attn.c_attn.weight (2560, 7680)
[208/389] transformer.h.24.attn.c_proj.bias (2560,)
[209/389] transformer.h.24.attn.c_proj.weight (2560, 2560)
[210/389] transformer.h.24.ln_1.bias (2560,)
[211/389] transformer.h.24.ln_1.weight (2560,)
[212/389] transformer.h.24.ln_2.bias (2560,)
[213/389] transformer.h.24.ln_2.weight (2560,)
[214/389] transformer.h.24.mlp.c_fc.bias (10240,)
[215/389] transformer.h.24.mlp.c_fc.weight (2560, 10240)
[216/389] transformer.h.24.mlp.c_proj.bias (2560,)
[217/389] transformer.h.24.mlp.c_proj.weight (10240, 2560)
[218/389] transformer.h.25.attn.c_attn.bias (7680,)
[219/389] transformer.h.25.attn.c_attn.weight (2560, 7680)
[220/389] transformer.h.25.attn.c_proj.bias (2560,)
[221/389] transformer.h.25.attn.c_proj.weight (2560, 2560)
[222/389] transformer.h.25.ln_1.bias (2560,)
[223/389] transformer.h.25.ln_1.weight (2560,)
[224/389] transformer.h.25.ln_2.bias (2560,)
[225/389] transformer.h.25.ln_2.weight (2560,)
[226/389] transformer.h.25.mlp.c_fc.bias (10240,)
[227/389] transformer.h.25.mlp.c_fc.weight (2560, 10240)
[228/389] transformer.h.25.mlp.c_proj.bias (2560,)
[229/389] transformer.h.25.mlp.c_proj.weight (10240, 2560)
[230/389] transformer.h.26.attn.c_attn.bias (7680,)
[231/389] transformer.h.26.attn.c_attn.weight (2560, 7680)
[232/389] transformer.h.26.attn.c_proj.bias (2560,)
[233/389] transformer.h.26.attn.c_proj.weight (2560, 2560)
[234/389] transformer.h.26.ln_1.bias (2560,)
[235/389] transformer.h.26.ln_1.weight (2560,)
[236/389] transformer.h.26.ln_2.bias (2560,)
[237/389] transformer.h.26.ln_2.weight (2560,)
[238/389] transformer.h.26.mlp.c_fc.bias (10240,)
[239/389] transformer.h.26.mlp.c_fc.weight (2560, 10240)
[240/389] transformer.h.26.mlp.c_proj.bias (2560,)
[241/389] transformer.h.26.mlp.c_proj.weight (10240, 2560)
[242/389] transformer.h.27.attn.c_attn.bias (7680,)
[243/389] transformer.h.27.attn.c_attn.weight (2560, 7680)
[244/389] transformer.h.27.attn.c_proj.bias (2560,)
[245/389] transformer.h.27.attn.c_proj.weight (2560, 2560)
[246/389] transformer.h.27.ln_1.bias (2560,)
[247/389] transformer.h.27.ln_1.weight (2560,)
[248/389] transformer.h.27.ln_2.bias (2560,)
[249/389] transformer.h.27.ln_2.weight (2560,)
[250/389] transformer.h.27.mlp.c_fc.bias (10240,)
[251/389] transformer.h.27.mlp.c_fc.weight (2560, 10240)
[252/389] transformer.h.27.mlp.c_proj.bias (2560,)
[253/389] transformer.h.27.mlp.c_proj.weight (10240, 2560)
[254/389] transformer.h.28.attn.c_attn.bias (7680,)
[255/389] transformer.h.28.attn.c_attn.weight (2560, 7680)
[256/389] transformer.h.28.attn.c_proj.bias (2560,)
[257/389] transformer.h.28.attn.c_proj.weight (2560, 2560)
[258/389] transformer.h.28.ln_1.bias (2560,)
[259/389] transformer.h.28.ln_1.weight (2560,)
[260/389] transformer.h.28.ln_2.bias (2560,)
[261/389] transformer.h.28.ln_2.weight (2560,)
[262/389] transformer.h.28.mlp.c_fc.bias (10240,)
[263/389] transformer.h.28.mlp.c_fc.weight (2560, 10240)
[264/389] transformer.h.28.mlp.c_proj.bias (2560,)
[265/389] transformer.h.28.mlp.c_proj.weight (10240, 2560)
[266/389] transformer.h.29.attn.c_attn.bias (7680,)
[267/389] transformer.h.29.attn.c_attn.weight (2560, 7680)
[268/389] transformer.h.29.attn.c_proj.bias (2560,)
[269/389] transformer.h.29.attn.c_proj.weight (2560, 2560)
[270/389] transformer.h.29.ln_1.bias (2560,)
[271/389] transformer.h.29.ln_1.weight (2560,)
[272/389] transformer.h.29.ln_2.bias (2560,)
[273/389] transformer.h.29.ln_2.weight (2560,)
[274/389] transformer.h.29.mlp.c_fc.bias (10240,)
[275/389] transformer.h.29.mlp.c_fc.weight (2560, 10240)
[276/389] transformer.h.29.mlp.c_proj.bias (2560,)
[277/389] transformer.h.29.mlp.c_proj.weight (10240, 2560)
[278/389] transformer.h.3.attn.c_attn.bias (7680,)
[279/389] transformer.h.3.attn.c_attn.weight (2560, 7680)
[280/389] transformer.h.3.attn.c_proj.bias (2560,)
[281/389] transformer.h.3.attn.c_proj.weight (2560, 2560)
[282/389] transformer.h.3.ln_1.bias (2560,)
[283/389] transformer.h.3.ln_1.weight (2560,)
[284/389] transformer.h.3.ln_2.bias (2560,)
[285/389] transformer.h.3.ln_2.weight (2560,)
[286/389] transformer.h.3.mlp.c_fc.bias (10240,)
[287/389] transformer.h.3.mlp.c_fc.weight (2560, 10240)
[288/389] transformer.h.3.mlp.c_proj.bias (2560,)
[289/389] transformer.h.3.mlp.c_proj.weight (10240, 2560)
[290/389] transformer.h.30.attn.c_attn.bias (7680,)
[291/389] transformer.h.30.attn.c_attn.weight (2560, 7680)
[292/389] transformer.h.30.attn.c_proj.bias (2560,)
[293/389] transformer.h.30.attn.c_proj.weight (2560, 2560)
[294/389] transformer.h.30.ln_1.bias (2560,)
[295/389] transformer.h.30.ln_1.weight (2560,)
[296/389] transformer.h.30.ln_2.bias (2560,)
[297/389] transformer.h.30.ln_2.weight (2560,)
[298/389] transformer.h.30.mlp.c_fc.bias (10240,)
[299/389] transformer.h.30.mlp.c_fc.weight (2560, 10240)
[300/389] transformer.h.30.mlp.c_proj.bias (2560,)
[301/389] transformer.h.30.mlp.c_proj.weight (10240, 2560)
[302/389] transformer.h.31.attn.c_attn.bias (7680,)
[303/389] transformer.h.31.attn.c_attn.weight (2560, 7680)
[304/389] transformer.h.31.attn.c_proj.bias (2560,)
[305/389] transformer.h.31.attn.c_proj.weight (2560, 2560)
[306/389] transformer.h.31.ln_1.bias (2560,)
[307/389] transformer.h.31.ln_1.weight (2560,)
[308/389] transformer.h.31.ln_2.bias (2560,)
[309/389] transformer.h.31.ln_2.weight (2560,)
[310/389] transformer.h.31.mlp.c_fc.bias (10240,)
[311/389] transformer.h.31.mlp.c_fc.weight (2560, 10240)
[312/389] transformer.h.31.mlp.c_proj.bias (2560,)
[313/389] transformer.h.31.mlp.c_proj.weight (10240, 2560)
[314/389] transformer.h.4.attn.c_attn.bias (7680,)
[315/389] transformer.h.4.attn.c_attn.weight (2560, 7680)
[316/389] transformer.h.4.attn.c_proj.bias (2560,)
[317/389] transformer.h.4.attn.c_proj.weight (2560, 2560)
[318/389] transformer.h.4.ln_1.bias (2560,)
[319/389] transformer.h.4.ln_1.weight (2560,)
[320/389] transformer.h.4.ln_2.bias (2560,)
[321/389] transformer.h.4.ln_2.weight (2560,)
[322/389] transformer.h.4.mlp.c_fc.bias (10240,)
[323/389] transformer.h.4.mlp.c_fc.weight (2560, 10240)
  wrote model-00002.safetensors (2.00 GiB) 439s
[324/389] transformer.h.4.mlp.c_proj.bias (2560,)
[325/389] transformer.h.4.mlp.c_proj.weight (10240, 2560)
[326/389] transformer.h.5.attn.c_attn.bias (7680,)
[327/389] transformer.h.5.attn.c_attn.weight (2560, 7680)
[328/389] transformer.h.5.attn.c_proj.bias (2560,)
[329/389] transformer.h.5.attn.c_proj.weight (2560, 2560)
[330/389] transformer.h.5.ln_1.bias (2560,)
[331/389] transformer.h.5.ln_1.weight (2560,)
[332/389] transformer.h.5.ln_2.bias (2560,)
[333/389] transformer.h.5.ln_2.weight (2560,)
[334/389] transformer.h.5.mlp.c_fc.bias (10240,)
[335/389] transformer.h.5.mlp.c_fc.weight (2560, 10240)
[336/389] transformer.h.5.mlp.c_proj.bias (2560,)
[337/389] transformer.h.5.mlp.c_proj.weight (10240, 2560)
[338/389] transformer.h.6.attn.c_attn.bias (7680,)
[339/389] transformer.h.6.attn.c_attn.weight (2560, 7680)
[340/389] transformer.h.6.attn.c_proj.bias (2560,)
[341/389] transformer.h.6.attn.c_proj.weight (2560, 2560)
[342/389] transformer.h.6.ln_1.bias (2560,)
[343/389] transformer.h.6.ln_1.weight (2560,)
[344/389] transformer.h.6.ln_2.bias (2560,)
[345/389] transformer.h.6.ln_2.weight (2560,)
[346/389] transformer.h.6.mlp.c_fc.bias (10240,)
[347/389] transformer.h.6.mlp.c_fc.weight (2560, 10240)
[348/389] transformer.h.6.mlp.c_proj.bias (2560,)
[349/389] transformer.h.6.mlp.c_proj.weight (10240, 2560)
[350/389] transformer.h.7.attn.c_attn.bias (7680,)
[351/389] transformer.h.7.attn.c_attn.weight (2560, 7680)
[352/389] transformer.h.7.attn.c_proj.bias (2560,)
[353/389] transformer.h.7.attn.c_proj.weight (2560, 2560)
[354/389] transformer.h.7.ln_1.bias (2560,)
[355/389] transformer.h.7.ln_1.weight (2560,)
[356/389] transformer.h.7.ln_2.bias (2560,)
[357/389] transformer.h.7.ln_2.weight (2560,)
[358/389] transformer.h.7.mlp.c_fc.bias (10240,)
[359/389] transformer.h.7.mlp.c_fc.weight (2560, 10240)
[360/389] transformer.h.7.mlp.c_proj.bias (2560,)
[361/389] transformer.h.7.mlp.c_proj.weight (10240, 2560)
[362/389] transformer.h.8.attn.c_attn.bias (7680,)
[363/389] transformer.h.8.attn.c_attn.weight (2560, 7680)
[364/389] transformer.h.8.attn.c_proj.bias (2560,)
[365/389] transformer.h.8.attn.c_proj.weight (2560, 2560)
[366/389] transformer.h.8.ln_1.bias (2560,)
[367/389] transformer.h.8.ln_1.weight (2560,)
[368/389] transformer.h.8.ln_2.bias (2560,)
[369/389] transformer.h.8.ln_2.weight (2560,)
[370/389] transformer.h.8.mlp.c_fc.bias (10240,)
[371/389] transformer.h.8.mlp.c_fc.weight (2560, 10240)
[372/389] transformer.h.8.mlp.c_proj.bias (2560,)
[373/389] transformer.h.8.mlp.c_proj.weight (10240, 2560)
[374/389] transformer.h.9.attn.c_attn.bias (7680,)
[375/389] transformer.h.9.attn.c_attn.weight (2560, 7680)
[376/389] transformer.h.9.attn.c_proj.bias (2560,)
[377/389] transformer.h.9.attn.c_proj.weight (2560, 2560)
[378/389] transformer.h.9.ln_1.bias (2560,)
[379/389] transformer.h.9.ln_1.weight (2560,)
[380/389] transformer.h.9.ln_2.bias (2560,)
[381/389] transformer.h.9.ln_2.weight (2560,)
[382/389] transformer.h.9.mlp.c_fc.bias (10240,)
[383/389] transformer.h.9.mlp.c_fc.weight (2560, 10240)
[384/389] transformer.h.9.mlp.c_proj.bias (2560,)
[385/389] transformer.h.9.mlp.c_proj.weight (10240, 2560)
[386/389] transformer.ln_f.bias (2560,)
[387/389] transformer.ln_f.weight (2560,)
[388/389] transformer.wpe.weight (1024, 2560)
[389/389] transformer.wte.weight (28896, 2560)
  wrote model-00003.safetensors (0.92 GiB) 523s
DONE biomedlm
