{
 "input_rows": 3159,
 "kept_rows": 2722,
 "dropped": {
  "definition:fragment_or_absent": 4,
  "pubmedqa:yes_over_cap": 433
 },
 "yes_cap": 40,
 "raw_by_split_task": {
  "heldout:bio_definition": 144,
  "heldout:bio_pubmedqa": 47,
  "train:bio_definition": 2488,
  "train:bio_pubmedqa": 480
 },
 "clean_by_split_task": {
  "heldout:bio_definition": 142,
  "heldout:bio_pubmedqa": 47,
  "train:bio_definition": 2486,
  "train:bio_pubmedqa": 47
 },
 "clean_pubmedqa_train_decisions": {
  "no": 7,
  "yes": 40
 },
 "pubmedqa_eval": {
  "items": 81,
  "gold": {
   "yes": 49,
   "no": 27,
   "maybe": 5
  },
  "majority_baseline": 0.6049382716049383,
  "teacher_biomedlm_accuracy": 0.5925925925925926
 }
}
