23:44:23 [code] coder up in 21s (8 threads)
23:44:52 [code] calls 10 train 1509/5000 heldout 150/150 last=tests:1/6 gen 7.602 tok/s  29s
23:45:08 [code] calls 20 train 1518/5000 heldout 150/150 last=ok gen 6.423 tok/s  45s
23:45:31 [code] calls 30 train 1528/5000 heldout 150/150 last=ok gen 5.625 tok/s  67s
23:45:51 [code] calls 40 train 1538/5000 heldout 150/150 last=ok gen 5.655 tok/s  88s
23:46:10 [code] calls 50 train 1546/5000 heldout 150/150 last=ok gen 5.687 tok/s  107s
23:46:28 [code] calls 60 train 1556/5000 heldout 150/150 last=ok gen 5.933 tok/s  125s
23:46:46 [code] calls 70 train 1565/5000 heldout 150/150 last=ok gen 5.909 tok/s  143s
23:47:08 [code] calls 80 train 1575/5000 heldout 150/150 last=ok gen 5.814 tok/s  165s
23:47:29 [code] calls 90 train 1584/5000 heldout 150/150 last=ok gen 5.76 tok/s  186s
23:47:48 [code] calls 100 train 1593/5000 heldout 150/150 last=ok gen 5.582 tok/s  205s
23:48:24 [code] calls 110 train 1602/5000 heldout 150/150 last=ok gen 5.563 tok/s  241s
23:48:44 [code] calls 120 train 1611/5000 heldout 150/150 last=tests:1/6 gen 5.488 tok/s  261s
23:49:04 [code] calls 130 train 1621/5000 heldout 150/150 last=ok gen 5.402 tok/s  281s
23:49:36 [code] calls 140 train 1631/5000 heldout 150/150 last=ok gen 5.185 tok/s  313s
23:50:00 [code] calls 150 train 1640/5000 heldout 150/150 last=ok gen 5.215 tok/s  337s
23:50:32 [code] calls 160 train 1650/5000 heldout 150/150 last=ok gen 5.129 tok/s  369s
23:50:59 [code] calls 170 train 1658/5000 heldout 150/150 last=ok gen 5.08 tok/s  396s
23:51:31 [code] calls 180 train 1667/5000 heldout 150/150 last=ok gen 4.917 tok/s  428s
23:51:59 [code] calls 190 train 1677/5000 heldout 150/150 last=ok gen 4.79 tok/s  456s
23:52:29 [code] calls 200 train 1687/5000 heldout 150/150 last=ok gen 4.692 tok/s  485s
23:53:00 [code] calls 210 train 1696/5000 heldout 150/150 last=ok gen 4.612 tok/s  517s
23:53:32 [code] calls 220 train 1704/5000 heldout 150/150 last=ok gen 4.499 tok/s  549s
23:54:12 [code] calls 230 train 1714/5000 heldout 150/150 last=ok gen 4.395 tok/s  589s
23:54:41 [code] calls 240 train 1723/5000 heldout 150/150 last=ok gen 4.329 tok/s  618s
23:55:16 [code] calls 250 train 1733/5000 heldout 150/150 last=ok gen 4.228 tok/s  653s
23:55:47 [code] calls 260 train 1743/5000 heldout 150/150 last=ok gen 4.155 tok/s  684s
23:56:22 [code] calls 270 train 1751/5000 heldout 150/150 last=tests:0/6 gen 4.129 tok/s  719s
23:57:00 [code] calls 280 train 1758/5000 heldout 150/150 last=ok gen 4.074 tok/s  757s
23:57:36 [code] calls 290 train 1768/5000 heldout 150/150 last=ok gen 4.03 tok/s  793s
23:58:13 [code] calls 300 train 1777/5000 heldout 150/150 last=ok gen 3.976 tok/s  830s
23:58:42 [code] calls 310 train 1787/5000 heldout 150/150 last=ok gen 3.927 tok/s  859s
23:59:22 [code] calls 320 train 1797/5000 heldout 150/150 last=ok gen 3.891 tok/s  899s
23:59:56 [code] calls 330 train 1806/5000 heldout 150/150 last=ok gen 3.88 tok/s  933s
00:00:37 [code] calls 340 train 1815/5000 heldout 150/150 last=ok gen 3.845 tok/s  974s
00:01:07 [code] calls 350 train 1825/5000 heldout 150/150 last=ok gen 3.822 tok/s  1004s
00:01:42 [code] calls 360 train 1834/5000 heldout 150/150 last=ok gen 3.803 tok/s  1039s
00:02:11 [code] calls 370 train 1844/5000 heldout 150/150 last=ok gen 3.789 tok/s  1068s
00:02:46 [code] calls 380 train 1853/5000 heldout 150/150 last=ok gen 3.772 tok/s  1103s
00:03:19 [code] calls 390 train 1862/5000 heldout 150/150 last=arg_names gen 3.763 tok/s  1136s
00:03:55 [code] calls 400 train 1867/5000 heldout 150/150 last=ok gen 3.749 tok/s  1172s
00:04:34 [code] calls 410 train 1876/5000 heldout 150/150 last=ok gen 3.73 tok/s  1211s
00:05:04 [code] calls 420 train 1886/5000 heldout 150/150 last=ok gen 3.706 tok/s  1241s
00:05:39 [code] calls 430 train 1896/5000 heldout 150/150 last=ok gen 3.675 tok/s  1276s
00:06:18 [code] calls 440 train 1904/5000 heldout 150/150 last=ok gen 3.659 tok/s  1315s
00:06:56 [code] calls 450 train 1912/5000 heldout 150/150 last=ast:name:next gen 3.635 tok/s  1353s
00:07:35 [code] calls 460 train 1922/5000 heldout 150/150 last=ok gen 3.623 tok/s  1392s
00:08:02 [code] calls 470 train 1931/5000 heldout 150/150 last=ok gen 3.617 tok/s  1419s
00:08:43 [code] calls 480 train 1940/5000 heldout 150/150 last=ok gen 3.602 tok/s  1460s
00:09:21 [code] calls 490 train 1950/5000 heldout 150/150 last=ok gen 3.57 tok/s  1498s
00:09:55 [code] calls 500 train 1957/5000 heldout 150/150 last=ok gen 3.568 tok/s  1532s
00:10:27 [code] calls 510 train 1966/5000 heldout 150/150 last=ok gen 3.558 tok/s  1564s
00:11:09 [code] calls 520 train 1976/5000 heldout 150/150 last=ok gen 3.546 tok/s  1606s
00:11:39 [code] calls 530 train 1984/5000 heldout 150/150 last=tests:4/6 gen 3.534 tok/s  1636s
00:12:17 [code] calls 540 train 1994/5000 heldout 150/150 last=ok gen 3.526 tok/s  1674s
00:13:00 [code] calls 550 train 2003/5000 heldout 150/150 last=ok gen 3.509 tok/s  1717s
00:13:34 [code] calls 560 train 2012/5000 heldout 150/150 last=ok gen 3.499 tok/s  1751s
00:14:22 [code] calls 570 train 2020/5000 heldout 150/150 last=ok gen 3.486 tok/s  1799s
00:14:59 [code] calls 580 train 2029/5000 heldout 150/150 last=ok gen 3.468 tok/s  1835s
00:15:26 [code] calls 590 train 2039/5000 heldout 150/150 last=ok gen 3.459 tok/s  1863s
00:16:12 [code] calls 600 train 2048/5000 heldout 150/150 last=tests:1/6 gen 3.447 tok/s  1909s
00:16:43 [code] calls 610 train 2058/5000 heldout 150/150 last=ok gen 3.441 tok/s  1940s
00:17:22 [code] calls 620 train 2067/5000 heldout 150/150 last=ok gen 3.431 tok/s  1979s
00:17:58 [code] calls 630 train 2077/5000 heldout 150/150 last=ok gen 3.42 tok/s  2015s
00:18:28 [code] calls 640 train 2085/5000 heldout 150/150 last=ok gen 3.411 tok/s  2045s
00:19:04 [code] calls 650 train 2095/5000 heldout 150/150 last=ok gen 3.393 tok/s  2081s
00:19:49 [code] calls 660 train 2104/5000 heldout 150/150 last=ok gen 3.384 tok/s  2126s
00:20:18 [code] calls 670 train 2111/5000 heldout 150/150 last=ast:name:next gen 3.383 tok/s  2155s
00:20:53 [code] calls 680 train 2121/5000 heldout 150/150 last=ok gen 3.374 tok/s  2190s
00:21:29 [code] calls 690 train 2130/5000 heldout 150/150 last=ok gen 3.371 tok/s  2226s
00:21:57 [code] calls 700 train 2140/5000 heldout 150/150 last=ok gen 3.37 tok/s  2254s
00:22:39 [code] calls 710 train 2148/5000 heldout 150/150 last=ok gen 3.365 tok/s  2296s
00:23:05 [code] calls 720 train 2157/5000 heldout 150/150 last=ok gen 3.361 tok/s  2322s
00:23:57 [code] calls 730 train 2166/5000 heldout 150/150 last=ok gen 3.364 tok/s  2373s
00:24:24 [code] calls 740 train 2176/5000 heldout 150/150 last=ok gen 3.367 tok/s  2401s
00:24:59 [code] calls 750 train 2185/5000 heldout 150/150 last=ok gen 3.364 tok/s  2436s
00:25:39 [code] calls 760 train 2195/5000 heldout 150/150 last=ok gen 3.35 tok/s  2476s
00:26:12 [code] calls 770 train 2204/5000 heldout 150/150 last=ok gen 3.353 tok/s  2509s
00:26:55 [code] calls 780 train 2212/5000 heldout 150/150 last=ok gen 3.348 tok/s  2552s
00:27:29 [code] calls 790 train 2222/5000 heldout 150/150 last=ok gen 3.348 tok/s  2586s
00:28:02 [code] calls 800 train 2231/5000 heldout 150/150 last=ok gen 3.341 tok/s  2619s
00:28:38 [code] calls 810 train 2240/5000 heldout 150/150 last=ok gen 3.335 tok/s  2655s
00:29:11 [code] calls 820 train 2249/5000 heldout 150/150 last=ok gen 3.329 tok/s  2688s
00:29:51 [code] calls 830 train 2258/5000 heldout 150/150 last=ast:name:next gen 3.33 tok/s  2728s
00:30:27 [code] calls 840 train 2268/5000 heldout 150/150 last=ok gen 3.326 tok/s  2764s
00:31:02 [code] calls 850 train 2277/5000 heldout 150/150 last=ok gen 3.326 tok/s  2799s
00:31:35 [code] calls 860 train 2287/5000 heldout 150/150 last=ok gen 3.32 tok/s  2831s
00:32:15 [code] calls 870 train 2296/5000 heldout 150/150 last=ok gen 3.317 tok/s  2872s
00:32:57 [code] calls 880 train 2304/5000 heldout 150/150 last=tests:timeout gen 3.314 tok/s  2913s
00:33:27 [code] calls 890 train 2313/5000 heldout 150/150 last=ok gen 3.308 tok/s  2944s
00:34:12 [code] calls 900 train 2322/5000 heldout 150/150 last=tests:1/6 gen 3.309 tok/s  2989s
00:34:43 [code] calls 910 train 2332/5000 heldout 150/150 last=ok gen 3.3 tok/s  3020s
00:35:23 [code] calls 920 train 2342/5000 heldout 150/150 last=ok gen 3.288 tok/s  3060s
00:36:02 [code] calls 930 train 2351/5000 heldout 150/150 last=ok gen 3.285 tok/s  3099s
00:36:37 [code] calls 940 train 2360/5000 heldout 150/150 last=ast:name:next gen 3.281 tok/s  3133s
00:37:20 [code] calls 950 train 2370/5000 heldout 150/150 last=ok gen 3.279 tok/s  3176s
00:37:49 [code] calls 960 train 2379/5000 heldout 150/150 last=ok gen 3.274 tok/s  3206s
00:38:25 [code] calls 970 train 2389/5000 heldout 150/150 last=ok gen 3.265 tok/s  3241s
00:38:58 [code] calls 980 train 2399/5000 heldout 150/150 last=ok gen 3.262 tok/s  3274s
00:39:32 [code] calls 990 train 2407/5000 heldout 150/150 last=ok gen 3.263 tok/s  3309s
00:40:03 [code] calls 1000 train 2416/5000 heldout 150/150 last=ok gen 3.267 tok/s  3340s
00:40:43 [code] calls 1010 train 2426/5000 heldout 150/150 last=ok gen 3.271 tok/s  3380s
00:41:14 [code] calls 1020 train 2435/5000 heldout 150/150 last=ok gen 3.268 tok/s  3411s
00:41:49 [code] calls 1030 train 2445/5000 heldout 150/150 last=ok gen 3.264 tok/s  3446s
00:42:34 [code] calls 1040 train 2454/5000 heldout 150/150 last=tests:3/6 gen 3.259 tok/s  3491s
00:43:05 [code] calls 1050 train 2464/5000 heldout 150/150 last=ok gen 3.256 tok/s  3522s
00:43:51 [code] calls 1060 train 2472/5000 heldout 150/150 last=ok gen 3.243 tok/s  3568s
00:44:34 [code] calls 1070 train 2481/5000 heldout 150/150 last=tests:1/6 gen 3.237 tok/s  3611s
00:45:02 [code] calls 1080 train 2491/5000 heldout 150/150 last=ok gen 3.239 tok/s  3639s
00:45:40 [code] calls 1090 train 2500/5000 heldout 150/150 last=ok gen 3.234 tok/s  3677s
00:46:22 [code] calls 1100 train 2509/5000 heldout 150/150 last=ok gen 3.234 tok/s  3719s
00:46:55 [code] calls 1110 train 2519/5000 heldout 150/150 last=ok gen 3.228 tok/s  3752s
00:47:42 [code] calls 1120 train 2528/5000 heldout 150/150 last=ok gen 3.226 tok/s  3799s
00:48:17 [code] calls 1130 train 2538/5000 heldout 150/150 last=ok gen 3.224 tok/s  3834s
00:48:52 [code] calls 1140 train 2548/5000 heldout 150/150 last=ok gen 3.216 tok/s  3869s
00:49:26 [code] calls 1150 train 2558/5000 heldout 150/150 last=ok gen 3.215 tok/s  3903s
00:50:10 [code] calls 1160 train 2566/5000 heldout 150/150 last=ok gen 3.214 tok/s  3947s
00:50:53 [code] calls 1170 train 2575/5000 heldout 150/150 last=ok gen 3.207 tok/s  3989s
00:51:29 [code] calls 1180 train 2584/5000 heldout 150/150 last=ok gen 3.198 tok/s  4026s
00:52:02 [code] calls 1190 train 2593/5000 heldout 150/150 last=ok gen 3.195 tok/s  4059s
00:52:43 [code] calls 1200 train 2603/5000 heldout 150/150 last=ok gen 3.191 tok/s  4100s
00:53:21 [code] calls 1210 train 2612/5000 heldout 150/150 last=ok gen 3.191 tok/s  4138s
00:53:54 [code] calls 1220 train 2621/5000 heldout 150/150 last=ok gen 3.187 tok/s  4171s
00:54:33 [code] calls 1230 train 2630/5000 heldout 150/150 last=tests:1/6 gen 3.189 tok/s  4210s
00:55:02 [code] calls 1240 train 2640/5000 heldout 150/150 last=ok gen 3.186 tok/s  4238s
00:55:36 [code] calls 1250 train 2650/5000 heldout 150/150 last=ok gen 3.179 tok/s  4273s
00:56:13 [code] calls 1260 train 2659/5000 heldout 150/150 last=ok gen 3.177 tok/s  4310s
00:56:55 [code] calls 1270 train 2668/5000 heldout 150/150 last=ok gen 3.177 tok/s  4352s
00:57:35 [code] calls 1280 train 2678/5000 heldout 150/150 last=ok gen 3.178 tok/s  4392s
00:58:05 [code] calls 1290 train 2687/5000 heldout 150/150 last=ok gen 3.176 tok/s  4422s
00:58:38 [code] calls 1300 train 2697/5000 heldout 150/150 last=ok gen 3.174 tok/s  4455s
00:59:11 [code] calls 1310 train 2706/5000 heldout 150/150 last=ok gen 3.175 tok/s  4488s
00:59:51 [code] calls 1320 train 2714/5000 heldout 150/150 last=ok gen 3.174 tok/s  4528s
01:00:24 [code] calls 1330 train 2724/5000 heldout 150/150 last=ok gen 3.172 tok/s  4561s
01:00:57 [code] calls 1340 train 2734/5000 heldout 150/150 last=ok gen 3.167 tok/s  4594s
01:01:33 [code] calls 1350 train 2744/5000 heldout 150/150 last=ok gen 3.167 tok/s  4630s
01:02:13 [code] calls 1360 train 2753/5000 heldout 150/150 last=ok gen 3.168 tok/s  4670s
01:02:49 [code] calls 1370 train 2762/5000 heldout 150/150 last=ok gen 3.17 tok/s  4706s
01:03:26 [code] calls 1380 train 2771/5000 heldout 150/150 last=ok gen 3.17 tok/s  4743s
01:04:02 [code] calls 1390 train 2780/5000 heldout 150/150 last=ok gen 3.165 tok/s  4779s
01:04:36 [code] calls 1400 train 2788/5000 heldout 150/150 last=ok gen 3.165 tok/s  4813s
01:05:10 [code] calls 1410 train 2798/5000 heldout 150/150 last=ok gen 3.166 tok/s  4847s
01:05:53 [code] calls 1420 train 2807/5000 heldout 150/150 last=ok gen 3.167 tok/s  4890s
01:06:25 [code] calls 1430 train 2816/5000 heldout 150/150 last=ok gen 3.165 tok/s  4922s
01:06:59 [code] calls 1440 train 2825/5000 heldout 150/150 last=ok gen 3.161 tok/s  4956s
01:07:35 [code] calls 1450 train 2835/5000 heldout 150/150 last=ok gen 3.158 tok/s  4992s
01:08:08 [code] calls 1460 train 2844/5000 heldout 150/150 last=ok gen 3.16 tok/s  5025s
01:08:52 [code] calls 1470 train 2852/5000 heldout 150/150 last=ok gen 3.159 tok/s  5069s
01:09:32 [code] calls 1480 train 2861/5000 heldout 150/150 last=tests:1/6 gen 3.16 tok/s  5109s
01:10:03 [code] calls 1490 train 2871/5000 heldout 150/150 last=ok gen 3.156 tok/s  5140s
01:10:42 [code] calls 1500 train 2881/5000 heldout 150/150 last=ok gen 3.152 tok/s  5179s
01:11:20 [code] calls 1510 train 2890/5000 heldout 150/150 last=ok gen 3.153 tok/s  5217s
01:11:57 [code] calls 1520 train 2898/5000 heldout 150/150 last=ok gen 3.15 tok/s  5254s
01:12:30 [code] calls 1530 train 2907/5000 heldout 150/150 last=tests:1/6 gen 3.148 tok/s  5287s
01:13:06 [code] calls 1540 train 2917/5000 heldout 150/150 last=ok gen 3.146 tok/s  5323s
01:13:44 [code] calls 1550 train 2927/5000 heldout 150/150 last=ok gen 3.143 tok/s  5360s
01:14:24 [code] calls 1560 train 2936/5000 heldout 150/150 last=ok gen 3.141 tok/s  5401s
01:14:58 [code] calls 1570 train 2945/5000 heldout 150/150 last=ok gen 3.139 tok/s  5435s
01:15:37 [code] calls 1580 train 2954/5000 heldout 150/150 last=tests:1/6 gen 3.137 tok/s  5474s
01:16:07 [code] calls 1590 train 2964/5000 heldout 150/150 last=ok gen 3.136 tok/s  5504s
01:16:51 [code] calls 1600 train 2973/5000 heldout 150/150 last=ok gen 3.133 tok/s  5548s
01:17:23 [code] calls 1610 train 2982/5000 heldout 150/150 last=ok gen 3.133 tok/s  5580s
01:18:08 [code] calls 1620 train 2991/5000 heldout 150/150 last=ok gen 3.132 tok/s  5625s
01:18:38 [code] calls 1630 train 3000/5000 heldout 150/150 last=ok gen 3.131 tok/s  5655s
01:19:12 [code] calls 1640 train 3009/5000 heldout 150/150 last=ok gen 3.129 tok/s  5689s
01:19:52 [code] calls 1650 train 3019/5000 heldout 150/150 last=ok gen 3.126 tok/s  5729s
01:20:30 [code] calls 1660 train 3028/5000 heldout 150/150 last=ok gen 3.126 tok/s  5767s
01:21:10 [code] calls 1670 train 3037/5000 heldout 150/150 last=ok gen 3.124 tok/s  5807s
01:21:49 [code] calls 1680 train 3046/5000 heldout 150/150 last=ok gen 3.123 tok/s  5846s
01:22:26 [code] calls 1690 train 3056/5000 heldout 150/150 last=ok gen 3.12 tok/s  5883s
01:23:02 [code] calls 1700 train 3066/5000 heldout 150/150 last=ok gen 3.116 tok/s  5919s
01:23:44 [code] calls 1710 train 3075/5000 heldout 150/150 last=ok gen 3.117 tok/s  5961s
01:24:17 [code] calls 1720 train 3084/5000 heldout 150/150 last=ok gen 3.117 tok/s  5994s
01:25:00 [code] calls 1730 train 3093/5000 heldout 150/150 last=tests:1/6 gen 3.117 tok/s  6037s
01:25:36 [code] calls 1740 train 3103/5000 heldout 150/150 last=ok gen 3.116 tok/s  6073s
01:26:11 [code] calls 1750 train 3113/5000 heldout 150/150 last=ok gen 3.116 tok/s  6108s
01:26:45 [code] calls 1760 train 3123/5000 heldout 150/150 last=ok gen 3.117 tok/s  6142s
01:27:30 [code] calls 1770 train 3130/5000 heldout 150/150 last=ok gen 3.114 tok/s  6187s
01:28:05 [code] calls 1780 train 3139/5000 heldout 150/150 last=tests:1/6 gen 3.114 tok/s  6222s
01:28:39 [code] calls 1790 train 3148/5000 heldout 150/150 last=ok gen 3.111 tok/s  6256s
01:29:14 [code] calls 1800 train 3158/5000 heldout 150/150 last=ok gen 3.109 tok/s  6291s
01:29:59 [code] calls 1810 train 3167/5000 heldout 150/150 last=ok gen 3.109 tok/s  6336s
01:30:37 [code] calls 1820 train 3175/5000 heldout 150/150 last=ok gen 3.109 tok/s  6374s
01:31:18 [code] calls 1830 train 3185/5000 heldout 150/150 last=ok gen 3.111 tok/s  6414s
01:31:46 [code] calls 1840 train 3194/5000 heldout 150/150 last=ok gen 3.11 tok/s  6443s
01:32:28 [code] calls 1850 train 3204/5000 heldout 150/150 last=ok gen 3.107 tok/s  6484s
01:33:07 [code] calls 1860 train 3214/5000 heldout 150/150 last=ok gen 3.108 tok/s  6524s
01:33:45 [code] calls 1870 train 3223/5000 heldout 150/150 last=ok gen 3.107 tok/s  6562s
01:34:19 [code] calls 1880 train 3233/5000 heldout 150/150 last=ok gen 3.106 tok/s  6596s
01:34:56 [code] calls 1890 train 3243/5000 heldout 150/150 last=ok gen 3.104 tok/s  6633s
01:35:31 [code] calls 1900 train 3253/5000 heldout 150/150 last=ok gen 3.103 tok/s  6668s
01:36:09 [code] calls 1910 train 3261/5000 heldout 150/150 last=ok gen 3.103 tok/s  6706s
01:36:59 [code] calls 1920 train 3269/5000 heldout 150/150 last=ok gen 3.099 tok/s  6756s
01:37:34 [code] calls 1930 train 3278/5000 heldout 150/150 last=ok gen 3.097 tok/s  6791s
01:38:09 [code] calls 1940 train 3288/5000 heldout 150/150 last=ok gen 3.093 tok/s  6826s
01:38:52 [code] calls 1950 train 3297/5000 heldout 150/150 last=ok gen 3.09 tok/s  6869s
01:39:40 [code] calls 1960 train 3306/5000 heldout 150/150 last=ast:name:next gen 3.088 tok/s  6917s
01:40:19 [code] calls 1970 train 3315/5000 heldout 150/150 last=ok gen 3.087 tok/s  6956s
01:40:57 [code] calls 1980 train 3324/5000 heldout 150/150 last=ok gen 3.084 tok/s  6994s
01:41:35 [code] calls 1990 train 3334/5000 heldout 150/150 last=ok gen 3.079 tok/s  7032s
01:42:15 [code] calls 2000 train 3343/5000 heldout 150/150 last=ok gen 3.078 tok/s  7072s
01:42:51 [code] calls 2010 train 3351/5000 heldout 150/150 last=ok gen 3.077 tok/s  7108s
01:43:33 [code] calls 2020 train 3360/5000 heldout 150/150 last=ok gen 3.077 tok/s  7150s
01:44:05 [code] calls 2030 train 3370/5000 heldout 150/150 last=ok gen 3.076 tok/s  7182s
01:44:48 [code] calls 2040 train 3380/5000 heldout 150/150 last=ok gen 3.074 tok/s  7225s
01:45:21 [code] calls 2050 train 3388/5000 heldout 150/150 last=ok gen 3.074 tok/s  7258s
01:46:03 [code] calls 2060 train 3397/5000 heldout 150/150 last=ok gen 3.073 tok/s  7300s
01:46:37 [code] calls 2070 train 3406/5000 heldout 150/150 last=ok gen 3.07 tok/s  7334s
01:47:16 [code] calls 2080 train 3415/5000 heldout 150/150 last=ok gen 3.071 tok/s  7373s
01:47:49 [code] calls 2090 train 3425/5000 heldout 150/150 last=ok gen 3.071 tok/s  7406s
01:48:16 [code] calls 2100 train 3434/5000 heldout 150/150 last=ok gen 3.073 tok/s  7433s
01:48:54 [code] calls 2110 train 3443/5000 heldout 150/150 last=ok gen 3.073 tok/s  7470s
01:49:31 [code] calls 2120 train 3452/5000 heldout 150/150 last=ok gen 3.074 tok/s  7508s
01:49:59 [code] calls 2130 train 3462/5000 heldout 150/150 last=ok gen 3.075 tok/s  7536s
01:50:33 [code] calls 2140 train 3472/5000 heldout 150/150 last=ok gen 3.077 tok/s  7570s
01:51:10 [code] calls 2150 train 3482/5000 heldout 150/150 last=ok gen 3.079 tok/s  7607s
01:51:42 [code] calls 2160 train 3490/5000 heldout 150/150 last=ok gen 3.079 tok/s  7639s
01:52:14 [code] calls 2170 train 3499/5000 heldout 150/150 last=ok gen 3.078 tok/s  7671s
01:52:45 [code] calls 2180 train 3508/5000 heldout 150/150 last=ok gen 3.077 tok/s  7702s
01:53:25 [code] calls 2190 train 3517/5000 heldout 150/150 last=ok gen 3.078 tok/s  7742s
01:54:02 [code] calls 2200 train 3525/5000 heldout 150/150 last=ok gen 3.077 tok/s  7779s
01:54:33 [code] calls 2210 train 3534/5000 heldout 150/150 last=ok gen 3.077 tok/s  7810s
01:55:06 [code] calls 2220 train 3544/5000 heldout 150/150 last=ok gen 3.075 tok/s  7843s
01:55:55 [code] calls 2230 train 3552/5000 heldout 150/150 last=tests:3/6 gen 3.073 tok/s  7892s
01:56:29 [code] calls 2240 train 3561/5000 heldout 150/150 last=ok gen 3.073 tok/s  7926s
01:57:17 [code] calls 2250 train 3570/5000 heldout 150/150 last=ok gen 3.071 tok/s  7974s
01:57:51 [code] calls 2260 train 3580/5000 heldout 150/150 last=ok gen 3.069 tok/s  8008s
01:58:22 [code] calls 2270 train 3590/5000 heldout 150/150 last=ok gen 3.069 tok/s  8039s
01:59:00 [code] calls 2280 train 3600/5000 heldout 150/150 last=ok gen 3.068 tok/s  8077s
01:59:39 [code] calls 2290 train 3609/5000 heldout 150/150 last=ast:name:next gen 3.069 tok/s  8116s
02:00:17 [code] calls 2300 train 3617/5000 heldout 150/150 last=ok gen 3.066 tok/s  8154s
02:00:56 [code] calls 2310 train 3626/5000 heldout 150/150 last=ok gen 3.064 tok/s  8193s
02:01:30 [code] calls 2320 train 3636/5000 heldout 150/150 last=ok gen 3.062 tok/s  8227s
02:02:06 [code] calls 2330 train 3646/5000 heldout 150/150 last=ok gen 3.062 tok/s  8263s
02:02:54 [code] calls 2340 train 3653/5000 heldout 150/150 last=tests:2/6 gen 3.063 tok/s  8311s
02:03:37 [code] calls 2350 train 3662/5000 heldout 150/150 last=ok gen 3.061 tok/s  8353s
02:04:13 [code] calls 2360 train 3671/5000 heldout 150/150 last=ok gen 3.058 tok/s  8390s
02:04:50 [code] calls 2370 train 3681/5000 heldout 150/150 last=ok gen 3.055 tok/s  8427s
02:05:30 [code] calls 2380 train 3689/5000 heldout 150/150 last=tests:0/6 gen 3.056 tok/s  8467s
02:06:14 [code] calls 2390 train 3698/5000 heldout 150/150 last=ok gen 3.057 tok/s  8511s
02:06:42 [code] calls 2400 train 3707/5000 heldout 150/150 last=ok gen 3.058 tok/s  8539s
02:07:21 [code] calls 2410 train 3717/5000 heldout 150/150 last=ok gen 3.058 tok/s  8578s
02:07:55 [code] calls 2420 train 3727/5000 heldout 150/150 last=ok gen 3.057 tok/s  8611s
02:08:33 [code] calls 2430 train 3735/5000 heldout 150/150 last=arg_names gen 3.057 tok/s  8650s
02:09:05 [code] calls 2440 train 3744/5000 heldout 150/150 last=ok gen 3.057 tok/s  8682s
02:09:35 [code] calls 2450 train 3753/5000 heldout 150/150 last=ok gen 3.057 tok/s  8712s
02:10:13 [code] calls 2460 train 3763/5000 heldout 150/150 last=ok gen 3.055 tok/s  8750s
02:10:52 [code] calls 2470 train 3772/5000 heldout 150/150 last=ok gen 3.056 tok/s  8789s
02:11:35 [code] calls 2480 train 3779/5000 heldout 150/150 last=ok gen 3.055 tok/s  8832s
02:12:12 [code] calls 2490 train 3788/5000 heldout 150/150 last=ok gen 3.055 tok/s  8869s
02:12:46 [code] calls 2500 train 3797/5000 heldout 150/150 last=ok gen 3.053 tok/s  8903s
02:13:29 [code] calls 2510 train 3807/5000 heldout 150/150 last=ok gen 3.05 tok/s  8946s
02:14:08 [code] calls 2520 train 3817/5000 heldout 150/150 last=ok gen 3.051 tok/s  8985s
02:14:45 [code] calls 2530 train 3824/5000 heldout 150/150 last=ok gen 3.05 tok/s  9022s
02:15:30 [code] calls 2540 train 3833/5000 heldout 150/150 last=ok gen 3.048 tok/s  9067s
02:16:05 [code] calls 2550 train 3843/5000 heldout 150/150 last=ok gen 3.046 tok/s  9102s
02:16:43 [code] calls 2560 train 3852/5000 heldout 150/150 last=ok gen 3.044 tok/s  9140s
02:17:23 [code] calls 2570 train 3862/5000 heldout 150/150 last=ok gen 3.042 tok/s  9180s
02:18:01 [code] calls 2580 train 3869/5000 heldout 150/150 last=ok gen 3.041 tok/s  9218s
02:18:44 [code] calls 2590 train 3878/5000 heldout 150/150 last=ok gen 3.04 tok/s  9261s
02:19:17 [code] calls 2600 train 3887/5000 heldout 150/150 last=ok gen 3.039 tok/s  9294s
02:19:58 [code] calls 2610 train 3897/5000 heldout 150/150 last=ok gen 3.039 tok/s  9335s
02:20:29 [code] calls 2620 train 3906/5000 heldout 150/150 last=ok gen 3.038 tok/s  9366s
07:19:16 [code] calls 2630 train 3915/5000 heldout 150/150 last=ok gen 1.004 tok/s  27293s
07:19:31 [code] calls 2640 train 3924/5000 heldout 150/150 last=tests:1/6 gen 1.006 tok/s  27308s
07:19:56 [code] calls 2650 train 3934/5000 heldout 150/150 last=ok gen 1.008 tok/s  27332s
07:20:18 [code] calls 2660 train 3944/5000 heldout 150/150 last=ok gen 1.011 tok/s  27355s
07:20:40 [code] calls 2670 train 3951/5000 heldout 150/150 last=ast:name:next gen 1.015 tok/s  27377s
07:20:57 [code] calls 2680 train 3961/5000 heldout 150/150 last=ok gen 1.018 tok/s  27394s
07:21:33 [code] calls 2690 train 3970/5000 heldout 150/150 last=ok gen 1.021 tok/s  27429s
07:22:02 [code] calls 2700 train 3979/5000 heldout 150/150 last=tests:3/6 gen 1.024 tok/s  27459s
07:22:24 [code] calls 2710 train 3989/5000 heldout 150/150 last=ok gen 1.027 tok/s  27481s
07:22:42 [code] calls 2720 train 3996/5000 heldout 150/150 last=ok gen 1.03 tok/s  27499s
07:23:00 [code] calls 2730 train 4005/5000 heldout 150/150 last=ok gen 1.033 tok/s  27517s
07:23:23 [code] calls 2740 train 4014/5000 heldout 150/150 last=ok gen 1.036 tok/s  27540s
07:23:46 [code] calls 2750 train 4023/5000 heldout 150/150 last=ok gen 1.038 tok/s  27563s
07:24:17 [code] calls 2760 train 4031/5000 heldout 150/150 last=no_def gen 1.042 tok/s  27594s
07:24:49 [code] calls 2770 train 4041/5000 heldout 150/150 last=ok gen 1.044 tok/s  27626s
07:25:12 [code] calls 2780 train 4050/5000 heldout 150/150 last=ok gen 1.047 tok/s  27648s
07:25:42 [code] calls 2790 train 4060/5000 heldout 150/150 last=ok gen 1.049 tok/s  27679s
07:26:07 [code] calls 2800 train 4069/5000 heldout 150/150 last=ok gen 1.053 tok/s  27704s
07:26:37 [code] calls 2810 train 4078/5000 heldout 150/150 last=ok gen 1.056 tok/s  27734s
07:27:08 [code] calls 2820 train 4088/5000 heldout 150/150 last=ok gen 1.059 tok/s  27765s
07:27:31 [code] calls 2830 train 4096/5000 heldout 150/150 last=ok gen 1.061 tok/s  27788s
07:28:00 [code] calls 2840 train 4106/5000 heldout 150/150 last=ok gen 1.064 tok/s  27817s
07:28:27 [code] calls 2850 train 4115/5000 heldout 150/150 last=ok gen 1.066 tok/s  27844s
07:29:03 [code] calls 2860 train 4122/5000 heldout 150/150 last=ok gen 1.07 tok/s  27880s
07:29:29 [code] calls 2870 train 4131/5000 heldout 150/150 last=ok gen 1.071 tok/s  27906s
07:29:53 [code] calls 2880 train 4141/5000 heldout 150/150 last=ok gen 1.074 tok/s  27930s
07:30:27 [code] calls 2890 train 4151/5000 heldout 150/150 last=ok gen 1.077 tok/s  27964s
07:30:48 [code] calls 2900 train 4157/5000 heldout 150/150 last=arg_names gen 1.08 tok/s  27985s
07:31:27 [code] calls 2910 train 4165/5000 heldout 150/150 last=ok gen 1.083 tok/s  28024s
07:31:52 [code] calls 2920 train 4174/5000 heldout 150/150 last=ok gen 1.085 tok/s  28049s
07:32:24 [code] calls 2930 train 4184/5000 heldout 150/150 last=ok gen 1.088 tok/s  28081s
07:32:54 [code] calls 2940 train 4193/5000 heldout 150/150 last=ok gen 1.09 tok/s  28111s
07:33:29 [code] calls 2950 train 4202/5000 heldout 150/150 last=ast:name:next gen 1.093 tok/s  28146s
07:34:06 [code] calls 2960 train 4212/5000 heldout 150/150 last=ok gen 1.096 tok/s  28183s
07:34:32 [code] calls 2970 train 4221/5000 heldout 150/150 last=ok gen 1.098 tok/s  28209s
07:35:04 [code] calls 2980 train 4231/5000 heldout 150/150 last=ok gen 1.101 tok/s  28241s
07:35:36 [code] calls 2990 train 4240/5000 heldout 150/150 last=ok gen 1.104 tok/s  28273s
07:36:05 [code] calls 3000 train 4249/5000 heldout 150/150 last=ok gen 1.106 tok/s  28302s
07:37:28 [code] calls 3010 train 4258/5000 heldout 150/150 last=tests:1/6 gen 1.107 tok/s  28385s
07:38:25 [code] calls 3020 train 4267/5000 heldout 150/150 last=ok gen 1.108 tok/s  28442s
07:39:15 [code] calls 3030 train 4277/5000 heldout 150/150 last=ok gen 1.109 tok/s  28492s
07:40:32 [code] calls 3040 train 4287/5000 heldout 150/150 last=ok gen 1.11 tok/s  28568s
07:41:20 [code] calls 3050 train 4296/5000 heldout 150/150 last=ok gen 1.112 tok/s  28616s
07:42:06 [code] calls 3060 train 4304/5000 heldout 150/150 last=ok gen 1.113 tok/s  28663s
07:42:46 [code] calls 3070 train 4314/5000 heldout 150/150 last=ok gen 1.116 tok/s  28703s
07:43:42 [code] calls 3080 train 4323/5000 heldout 150/150 last=ok gen 1.118 tok/s  28758s
07:44:28 [code] calls 3090 train 4332/5000 heldout 150/150 last=ok gen 1.119 tok/s  28805s
07:45:11 [code] calls 3100 train 4341/5000 heldout 150/150 last=ok gen 1.121 tok/s  28848s
07:45:52 [code] calls 3110 train 4351/5000 heldout 150/150 last=ok gen 1.123 tok/s  28889s
07:46:46 [code] calls 3120 train 4359/5000 heldout 150/150 last=ok gen 1.125 tok/s  28943s
07:47:43 [code] calls 3130 train 4366/5000 heldout 150/150 last=ok gen 1.127 tok/s  29000s
07:48:38 [code] calls 3140 train 4375/5000 heldout 150/150 last=ok gen 1.128 tok/s  29055s
07:49:21 [code] calls 3150 train 4384/5000 heldout 150/150 last=ok gen 1.129 tok/s  29098s
07:50:09 [code] calls 3160 train 4393/5000 heldout 150/150 last=arg_names gen 1.132 tok/s  29146s
07:51:00 [code] calls 3170 train 4401/5000 heldout 150/150 last=ok gen 1.134 tok/s  29197s
07:51:36 [code] calls 3180 train 4410/5000 heldout 150/150 last=ok gen 1.136 tok/s  29233s
07:52:16 [code] calls 3190 train 4420/5000 heldout 150/150 last=ok gen 1.138 tok/s  29273s
07:52:59 [code] calls 3200 train 4430/5000 heldout 150/150 last=ok gen 1.139 tok/s  29316s
07:54:03 [code] calls 3210 train 4439/5000 heldout 150/150 last=ok gen 1.14 tok/s  29380s
07:55:04 [code] calls 3220 train 4447/5000 heldout 150/150 last=ok gen 1.142 tok/s  29441s
07:55:54 [code] calls 3230 train 4456/5000 heldout 150/150 last=ok gen 1.143 tok/s  29491s
07:56:33 [code] calls 3240 train 4465/5000 heldout 150/150 last=ok gen 1.145 tok/s  29530s
07:57:39 [code] calls 3250 train 4474/5000 heldout 150/150 last=ok gen 1.146 tok/s  29596s
07:58:29 [code] calls 3260 train 4481/5000 heldout 150/150 last=ast:name:next gen 1.147 tok/s  29646s
07:59:27 [code] calls 3270 train 4491/5000 heldout 150/150 last=ok gen 1.149 tok/s  29704s
08:00:13 [code] calls 3280 train 4499/5000 heldout 150/150 last=ok gen 1.15 tok/s  29749s
08:01:12 [code] calls 3290 train 4509/5000 heldout 150/150 last=ok gen 1.151 tok/s  29809s
08:02:13 [code] calls 3300 train 4518/5000 heldout 150/150 last=ok gen 1.153 tok/s  29870s
08:03:13 [code] calls 3310 train 4526/5000 heldout 150/150 last=ok gen 1.154 tok/s  29930s
08:04:14 [code] calls 3320 train 4535/5000 heldout 150/150 last=ok gen 1.155 tok/s  29991s
08:05:30 [code] calls 3330 train 4545/5000 heldout 150/150 last=ok gen 1.156 tok/s  30067s
08:06:40 [code] calls 3340 train 4553/5000 heldout 150/150 last=ok gen 1.157 tok/s  30137s
08:07:39 [code] calls 3350 train 4561/5000 heldout 150/150 last=ok gen 1.158 tok/s  30196s
08:08:36 [code] calls 3360 train 4570/5000 heldout 150/150 last=ok gen 1.159 tok/s  30253s
08:09:30 [code] calls 3370 train 4579/5000 heldout 150/150 last=ok gen 1.16 tok/s  30307s
08:10:17 [code] calls 3380 train 4588/5000 heldout 150/150 last=arg_names gen 1.162 tok/s  30354s
08:11:19 [code] calls 3390 train 4597/5000 heldout 150/150 last=ok gen 1.164 tok/s  30416s
08:11:55 [code] calls 3400 train 4606/5000 heldout 150/150 last=ok gen 1.165 tok/s  30452s
08:12:41 [code] calls 3410 train 4616/5000 heldout 150/150 last=ok gen 1.167 tok/s  30497s
08:13:25 [code] calls 3420 train 4626/5000 heldout 150/150 last=ok gen 1.169 tok/s  30542s
08:14:22 [code] calls 3430 train 4634/5000 heldout 150/150 last=ok gen 1.171 tok/s  30599s
08:15:05 [code] calls 3440 train 4644/5000 heldout 150/150 last=ok gen 1.173 tok/s  30642s
08:15:41 [code] calls 3450 train 4653/5000 heldout 150/150 last=ok gen 1.174 tok/s  30678s
08:16:33 [code] calls 3460 train 4662/5000 heldout 150/150 last=tests:3/6 gen 1.177 tok/s  30730s
08:17:03 [code] calls 3470 train 4671/5000 heldout 150/150 last=ok gen 1.178 tok/s  30760s
08:17:45 [code] calls 3480 train 4680/5000 heldout 150/150 last=ok gen 1.18 tok/s  30801s
08:18:25 [code] calls 3490 train 4688/5000 heldout 150/150 last=ok gen 1.181 tok/s  30841s
08:18:58 [code] calls 3500 train 4698/5000 heldout 150/150 last=ok gen 1.183 tok/s  30875s
08:19:43 [code] calls 3510 train 4708/5000 heldout 150/150 last=ok gen 1.186 tok/s  30920s
08:20:32 [code] calls 3520 train 4717/5000 heldout 150/150 last=ok gen 1.188 tok/s  30969s
08:21:12 [code] calls 3530 train 4727/5000 heldout 150/150 last=ok gen 1.189 tok/s  31009s
08:21:49 [code] calls 3540 train 4736/5000 heldout 150/150 last=ok gen 1.191 tok/s  31045s
08:22:32 [code] calls 3550 train 4744/5000 heldout 150/150 last=arg_names gen 1.193 tok/s  31089s
08:23:19 [code] calls 3560 train 4753/5000 heldout 150/150 last=ok gen 1.195 tok/s  31136s
08:23:52 [code] calls 3570 train 4762/5000 heldout 150/150 last=ok gen 1.197 tok/s  31169s
08:24:28 [code] calls 3580 train 4771/5000 heldout 150/150 last=arg_names gen 1.199 tok/s  31205s
08:25:04 [code] calls 3590 train 4780/5000 heldout 150/150 last=ok gen 1.201 tok/s  31241s
08:25:40 [code] calls 3600 train 4789/5000 heldout 150/150 last=ok gen 1.203 tok/s  31277s
08:26:18 [code] calls 3610 train 4798/5000 heldout 150/150 last=ok gen 1.206 tok/s  31315s
08:26:44 [code] calls 3620 train 4808/5000 heldout 150/150 last=ok gen 1.207 tok/s  31341s
08:27:21 [code] calls 3630 train 4818/5000 heldout 150/150 last=ok gen 1.209 tok/s  31378s
08:28:01 [code] calls 3640 train 4826/5000 heldout 150/150 last=ok gen 1.211 tok/s  31418s
08:28:31 [code] calls 3650 train 4835/5000 heldout 150/150 last=ok gen 1.213 tok/s  31448s
08:29:11 [code] calls 3660 train 4844/5000 heldout 150/150 last=ok gen 1.215 tok/s  31488s
08:29:38 [code] calls 3670 train 4852/5000 heldout 150/150 last=ok gen 1.217 tok/s  31515s
08:30:16 [code] calls 3680 train 4859/5000 heldout 150/150 last=ok gen 1.219 tok/s  31553s
08:30:54 [code] calls 3690 train 4868/5000 heldout 150/150 last=ok gen 1.221 tok/s  31591s
08:31:24 [code] calls 3700 train 4878/5000 heldout 150/150 last=ok gen 1.223 tok/s  31621s
08:31:56 [code] calls 3710 train 4887/5000 heldout 150/150 last=ok gen 1.225 tok/s  31653s
08:32:39 [code] calls 3720 train 4896/5000 heldout 150/150 last=ok gen 1.228 tok/s  31696s
08:33:07 [code] calls 3730 train 4905/5000 heldout 150/150 last=ok gen 1.229 tok/s  31724s
08:33:38 [code] calls 3740 train 4915/5000 heldout 150/150 last=ok gen 1.231 tok/s  31755s
08:34:09 [code] calls 3750 train 4923/5000 heldout 150/150 last=tests:0/6 gen 1.233 tok/s  31785s
08:34:49 [code] calls 3760 train 4932/5000 heldout 150/150 last=ok gen 1.236 tok/s  31826s
08:35:19 [code] calls 3770 train 4941/5000 heldout 150/150 last=tests:1/6 gen 1.237 tok/s  31856s
08:35:53 [code] calls 3780 train 4950/5000 heldout 150/150 last=ok gen 1.239 tok/s  31890s
08:36:25 [code] calls 3790 train 4959/5000 heldout 150/150 last=ok gen 1.241 tok/s  31922s
08:36:58 [code] calls 3800 train 4968/5000 heldout 150/150 last=ok gen 1.243 tok/s  31955s
08:37:32 [code] calls 3810 train 4977/5000 heldout 150/150 last=ok gen 1.245 tok/s  31988s
08:38:04 [code] calls 3820 train 4986/5000 heldout 150/150 last=ok gen 1.247 tok/s  32021s
08:38:41 [code] calls 3830 train 4994/5000 heldout 150/150 last=ok gen 1.249 tok/s  32058s
08:39:04 [code] done: {'heldout': 150, 'train': 5000}  pass rate 0.9173
{
 "rows": {
  "heldout": 150,
  "train": 5000
 },
 "attempts": {
  "total": 5614,
  "passed": 5150,
  "pass_rate": 0.9173,
  "reject_reasons": {
   "tests:failed": 234,
   "ast:name": 106,
   "arg_names": 94,
   "ast:import": 19,
   "no_def": 9,
   "no_explanation": 1,
   "tests:timeout": 1
  }
 }
}
